/workspace/scratch/5458548aee12/samchatint/.venv/lib/python3.12/site-packages/setuptools/config/_apply_pyprojecttoml.py:82: SetuptoolsDeprecationWarning: `project.license` as a TOML table is deprecated
!!

        ********************************************************************************
        Please use a simple string containing a SPDX expression for `project.license`. You can also use `project.license-files`. (Both options available on setuptools>=77.0.0).

        By 2027-Feb-18, you need to update your project and remove deprecated calls
        or your builds will no longer be supported.

        See https://packaging.python.org/en/latest/guides/writing-pyproject-toml/#license for details.
        ********************************************************************************

!!
  corresp(dist, value, root_dir)
running dist_info
creating /tmp/tmp5ipaaag7/samchat_devnous.egg-info
writing /tmp/tmp5ipaaag7/samchat_devnous.egg-info/PKG-INFO
writing dependency_links to /tmp/tmp5ipaaag7/samchat_devnous.egg-info/dependency_links.txt
writing entry points to /tmp/tmp5ipaaag7/samchat_devnous.egg-info/entry_points.txt
writing requirements to /tmp/tmp5ipaaag7/samchat_devnous.egg-info/requires.txt
writing top-level names to /tmp/tmp5ipaaag7/samchat_devnous.egg-info/top_level.txt
writing manifest file '/tmp/tmp5ipaaag7/samchat_devnous.egg-info/SOURCES.txt'
reading manifest file '/tmp/tmp5ipaaag7/samchat_devnous.egg-info/SOURCES.txt'
writing manifest file '/tmp/tmp5ipaaag7/samchat_devnous.egg-info/SOURCES.txt'
creating '/tmp/tmp5ipaaag7/samchat_devnous-0.1.0.dist-info'
[OK] runtime/package/docs consistency checks passed
