Regression tests against previous implementation:
FFFF                                                                     [100%]
=================================== FAILURES ===================================
___________ test_obligations_include_population_beyond_cash_preview ____________

monkeypatch = <_pytest.monkeypatch.MonkeyPatch object at 0x7f007eac49e0>

    @pytest.mark.asyncio
    async def test_obligations_include_population_beyond_cash_preview(monkeypatch):
        rows = [
            {
                "estado": "aprobado",
                "tipo": "SOLICITUD",
                "currency": "MXN",
                "monto_total": 10,
                "fecha_pago": TODAY.isoformat(),
            }
            for _ in range(20)
        ]
        source = {"documents": rows}
        assert len(finance._build_cash_control(source)["approved_unpaid"]) == 15
        monkeypatch.setattr(home, "_optional_read", AsyncMock(return_value=source))
        result = await home.payment_values(Session(), [T1], TODAY)
>       assert result["value"] == Decimal("200")
E       AssertionError: assert Decimal('150.00') == Decimal('200')
E        +  where Decimal('200') = Decimal('200')

tests/unit/test_direction_home.py:870: AssertionError
_______ test_suppressed_budget_indicators_preserve_source_failure[None] ________

monkeypatch = <_pytest.monkeypatch.MonkeyPatch object at 0x7f007eac6600>
quality = None

    @pytest.mark.asyncio
    @pytest.mark.parametrize(
        "quality", [None, "mixed_or_unknown_currency", "document_amount_missing"]
    )
    async def test_suppressed_budget_indicators_preserve_source_failure(
        monkeypatch, quality
    ):
        monkeypatch.setattr(home, "resolve_scope", AsyncMock(return_value=scope()))
        source = {
            "source": "budget_db" if quality else "unavailable",
            "version": {"status": "approved"},
            "summary": {
                "budget_total": 100,
                "actual_total": 40,
                "committed_total": 50,
                "paid_total": 30,
            },
            "forecast": {"projected_close_total": 120},
            "executive_quality_gaps": [quality] if quality else [],
        }
        monkeypatch.setattr(home, "_optional_read", AsyncMock(return_value=source))
        monkeypatch.setattr(
            home, "payment_values", AsyncMock(return_value={"value": None, "gaps": []})
        )
        monkeypatch.setattr(
            home, "receivable_values", AsyncMock(return_value={"value": None, "gaps": []})
        )
        monkeypatch.setattr(
            home.service, "_build_operational_dossier", AsyncMock(return_value={})
        )
        result, _ = await home.build_home(
            Session(), actor=ACTOR, superadmin=False, year=YEAR
        )
        expected = quality or "Presupuesto aprobado y alcance no acreditados."
        for metric in result["indicators"]:
            if (
                metric["id"]
                in {"budget", "actual", "committed", "paid", "forecast", "deviation"}
                and metric["value"] is None
            ):
>               assert any(expected in gap for gap in metric["gaps"])
E               assert False
E                +  where False = any(<generator object test_suppressed_budget_indicators_preserve_source_failure.<locals>.<genexpr> at 0x7f007e8b7370>)

tests/unit/test_direction_home.py:925: AssertionError
_ test_suppressed_budget_indicators_preserve_source_failure[mixed_or_unknown_currency] _

monkeypatch = <_pytest.monkeypatch.MonkeyPatch object at 0x7f007eac46e0>
quality = 'mixed_or_unknown_currency'

    @pytest.mark.asyncio
    @pytest.mark.parametrize(
        "quality", [None, "mixed_or_unknown_currency", "document_amount_missing"]
    )
    async def test_suppressed_budget_indicators_preserve_source_failure(
        monkeypatch, quality
    ):
        monkeypatch.setattr(home, "resolve_scope", AsyncMock(return_value=scope()))
        source = {
            "source": "budget_db" if quality else "unavailable",
            "version": {"status": "approved"},
            "summary": {
                "budget_total": 100,
                "actual_total": 40,
                "committed_total": 50,
                "paid_total": 30,
            },
            "forecast": {"projected_close_total": 120},
            "executive_quality_gaps": [quality] if quality else [],
        }
        monkeypatch.setattr(home, "_optional_read", AsyncMock(return_value=source))
        monkeypatch.setattr(
            home, "payment_values", AsyncMock(return_value={"value": None, "gaps": []})
        )
        monkeypatch.setattr(
            home, "receivable_values", AsyncMock(return_value={"value": None, "gaps": []})
        )
        monkeypatch.setattr(
            home.service, "_build_operational_dossier", AsyncMock(return_value={})
        )
        result, _ = await home.build_home(
            Session(), actor=ACTOR, superadmin=False, year=YEAR
        )
        expected = quality or "Presupuesto aprobado y alcance no acreditados."
        for metric in result["indicators"]:
            if (
                metric["id"]
                in {"budget", "actual", "committed", "paid", "forecast", "deviation"}
                and metric["value"] is None
            ):
>               assert any(expected in gap for gap in metric["gaps"])
E               assert False
E                +  where False = any(<generator object test_suppressed_budget_indicators_preserve_source_failure.<locals>.<genexpr> at 0x7f007e940ee0>)

tests/unit/test_direction_home.py:925: AssertionError
_ test_suppressed_budget_indicators_preserve_source_failure[document_amount_missing] _

monkeypatch = <_pytest.monkeypatch.MonkeyPatch object at 0x7f007eb3ef60>
quality = 'document_amount_missing'

    @pytest.mark.asyncio
    @pytest.mark.parametrize(
        "quality", [None, "mixed_or_unknown_currency", "document_amount_missing"]
    )
    async def test_suppressed_budget_indicators_preserve_source_failure(
        monkeypatch, quality
    ):
        monkeypatch.setattr(home, "resolve_scope", AsyncMock(return_value=scope()))
        source = {
            "source": "budget_db" if quality else "unavailable",
            "version": {"status": "approved"},
            "summary": {
                "budget_total": 100,
                "actual_total": 40,
                "committed_total": 50,
                "paid_total": 30,
            },
            "forecast": {"projected_close_total": 120},
            "executive_quality_gaps": [quality] if quality else [],
        }
        monkeypatch.setattr(home, "_optional_read", AsyncMock(return_value=source))
        monkeypatch.setattr(
            home, "payment_values", AsyncMock(return_value={"value": None, "gaps": []})
        )
        monkeypatch.setattr(
            home, "receivable_values", AsyncMock(return_value={"value": None, "gaps": []})
        )
        monkeypatch.setattr(
            home.service, "_build_operational_dossier", AsyncMock(return_value={})
        )
        result, _ = await home.build_home(
            Session(), actor=ACTOR, superadmin=False, year=YEAR
        )
        expected = quality or "Presupuesto aprobado y alcance no acreditados."
        for metric in result["indicators"]:
            if (
                metric["id"]
                in {"budget", "actual", "committed", "paid", "forecast", "deviation"}
                and metric["value"] is None
            ):
>               assert any(expected in gap for gap in metric["gaps"])
E               assert False
E                +  where False = any(<generator object test_suppressed_budget_indicators_preserve_source_failure.<locals>.<genexpr> at 0x7f007e942260>)

tests/unit/test_direction_home.py:925: AssertionError
=============================== warnings summary ===============================
src/devnous/copa_telmex/models.py:27
  src/devnous/copa_telmex/models.py:27: MovedIn20Warning: The ``declarative_base()`` function is now available as sqlalchemy.orm.declarative_base(). (deprecated since: 2.0) (Background on SQLAlchemy 2.0 at: https://sqlalche.me/e/b8d9)
    Base = declarative_base()

-- Docs: https://docs.pytest.org/en/stable/how-to/capture-warnings.html
=========================== short test summary info ============================
FAILED tests/unit/test_direction_home.py::test_obligations_include_population_beyond_cash_preview
FAILED tests/unit/test_direction_home.py::test_suppressed_budget_indicators_preserve_source_failure[None]
FAILED tests/unit/test_direction_home.py::test_suppressed_budget_indicators_preserve_source_failure[mixed_or_unknown_currency]
FAILED tests/unit/test_direction_home.py::test_suppressed_budget_indicators_preserve_source_failure[document_amount_missing]
4 failed, 40 deselected, 1 warning in 5.07s

Corrected implementation, unit/accounting/cashflow:
...............................................................          [100%]
=============================== warnings summary ===============================
src/devnous/copa_telmex/models.py:27
  src/devnous/copa_telmex/models.py:27: MovedIn20Warning: The ``declarative_base()`` function is now available as sqlalchemy.orm.declarative_base(). (deprecated since: 2.0) (Background on SQLAlchemy 2.0 at: https://sqlalche.me/e/b8d9)
    Base = declarative_base()

tests/unit/test_direction_home.py::test_scoped_finance_source_never_reads_global_expenses_or_polizas
tests/unit/test_direction_home.py::test_scoped_finance_source_never_reads_global_expenses_or_polizas
tests/unit/test_direction_home.py::test_scoped_finance_source_never_reads_global_expenses_or_polizas
  src/samchat/finance_platform/service.py:79: DeprecationWarning: datetime.datetime.utcnow() is deprecated and scheduled for removal in a future version. Use timezone-aware objects to represent datetimes in UTC: datetime.datetime.now(datetime.UTC).
    now = datetime.utcnow()

tests/unit/test_cashflow_document_status_dedup.py::test_legacy_cashflow_uses_selected_period_for_projected_rows
  src/devnous/gastos/routes/user_routes.py:22042: DeprecationWarning: datetime.datetime.utcnow() is deprecated and scheduled for removal in a future version. Use timezone-aware objects to represent datetimes in UTC: datetime.datetime.now(datetime.UTC).
    now = datetime.utcnow()

tests/unit/test_cashflow_document_status_dedup.py::test_legacy_cashflow_export_uses_selected_period_for_projections
  src/devnous/gastos/routes/user_routes.py:22974: DeprecationWarning: datetime.datetime.utcnow() is deprecated and scheduled for removal in a future version. Use timezone-aware objects to represent datetimes in UTC: datetime.datetime.now(datetime.UTC).
    now = datetime.utcnow()

-- Docs: https://docs.pytest.org/en/stable/how-to/capture-warnings.html
63 passed, 6 warnings in 11.11s

Corrected implementation, HTTP routes:
........                                                                 [100%]
=============================== warnings summary ===============================
src/devnous/copa_telmex/models.py:27
  src/devnous/copa_telmex/models.py:27: MovedIn20Warning: The ``declarative_base()`` function is now available as sqlalchemy.orm.declarative_base(). (deprecated since: 2.0) (Background on SQLAlchemy 2.0 at: https://sqlalche.me/e/b8d9)
    Base = declarative_base()

-- Docs: https://docs.pytest.org/en/stable/how-to/capture-warnings.html
8 passed, 1 warning in 10.11s
