........................................................................ [ 23%]
........................................................................ [ 47%]
........................................................................ [ 71%]
........................................................................ [ 95%]
.............                                                            [100%]
=============================== warnings summary ===============================
src/devnous/copa_telmex/models.py:27
src/devnous/copa_telmex/models.py:27
src/devnous/copa_telmex/models.py:27
  /workspace/scratch/5458548aee12/samchatint/src/devnous/copa_telmex/models.py:27: MovedIn20Warning: The ``declarative_base()`` function is now available as sqlalchemy.orm.declarative_base(). (deprecated since: 2.0) (Background on SQLAlchemy 2.0 at: https://sqlalche.me/e/b8d9)
    Base = declarative_base()

tests/unit/test_direction_home.py::test_scoped_finance_source_never_reads_global_expenses_or_polizas
tests/unit/test_direction_home.py::test_scoped_finance_source_never_reads_global_expenses_or_polizas
tests/unit/test_direction_home.py::test_scoped_finance_source_never_reads_global_expenses_or_polizas
  /workspace/scratch/5458548aee12/samchatint/src/samchat/finance_platform/service.py:79: DeprecationWarning: datetime.datetime.utcnow() is deprecated and scheduled for removal in a future version. Use timezone-aware objects to represent datetimes in UTC: datetime.datetime.now(datetime.UTC).
    now = datetime.utcnow()

-- Docs: https://docs.pytest.org/en/stable/how-to/capture-warnings.html
================================ tests coverage ================================
_______________ coverage: platform linux, python 3.12.14-final-0 _______________

Name                                           Stmts   Miss  Cover   Missing
----------------------------------------------------------------------------
src/samchat/client_executive/conversation.py      74      0   100%
src/samchat/client_executive/home.py             191      1    99%   280
src/samchat/client_executive/home_ui.py           42      2    95%   76-81
----------------------------------------------------------------------------
TOTAL                                            307      3    99%
Required test coverage of 85% reached. Total coverage: 99.02%
301 passed, 6 warnings in 19.94s
